reading C:\Users\RiceC\shapeGrad\examples\target.png
0: t=0.000, score=0.183829
count=64, mode=0, alpha=128, repeat=0
1: t=0.151, score=0.160301, n=19191, n/s=127.2k
2: t=0.363, score=0.141405, n=19058, n/s=90.0k
3: t=0.612, score=0.125431, n=19156, n/s=76.8k
4: t=0.798, score=0.116078, n=19699, n/s=106.2k
5: t=0.955, score=0.107712, n=18641, n/s=118.1k
6: t=1.099, score=0.101162, n=18908, n/s=131.5k
7: t=1.285, score=0.092843, n=19898, n/s=107.1k
8: t=1.459, score=0.083215, n=19608, n/s=112.4k
9: t=1.652, score=0.073995, n=20168, n/s=104.8k
10: t=1.801, score=0.066593, n=19449, n/s=130.5k
11: t=1.951, score=0.062284, n=18967, n/s=126.3k
12: t=2.111, score=0.059361, n=18949, n/s=118.7k
13: t=2.280, score=0.056553, n=19873, n/s=117.3k
14: t=2.458, score=0.054602, n=19331, n/s=108.8k
15: t=2.609, score=0.052420, n=18739, n/s=123.9k
16: t=2.762, score=0.050383, n=19711, n/s=128.2k
17: t=2.907, score=0.048465, n=19199, n/s=132.6k
18: t=3.093, score=0.045648, n=19435, n/s=104.6k
19: t=3.268, score=0.043977, n=19008, n/s=108.7k
20: t=3.432, score=0.042523, n=19709, n/s=120.2k
21: t=3.573, score=0.040762, n=19070, n/s=135.1k
22: t=3.735, score=0.039006, n=18451, n/s=113.9k
23: t=3.898, score=0.037653, n=19566, n/s=120.4k
24: t=4.058, score=0.035576, n=18792, n/s=117.6k
25: t=4.270, score=0.033970, n=18672, n/s=88.1k
26: t=4.438, score=0.032518, n=19337, n/s=115.1k
27: t=4.610, score=0.031563, n=19031, n/s=110.6k
28: t=4.795, score=0.030217, n=19490, n/s=105.1k
29: t=4.987, score=0.029527, n=19191, n/s=99.8k
30: t=5.146, score=0.027738, n=19124, n/s=120.5k
31: t=5.298, score=0.026846, n=19338, n/s=127.6k
32: t=5.455, score=0.025725, n=19686, n/s=125.2k
33: t=5.616, score=0.024998, n=19689, n/s=122.3k
34: t=5.760, score=0.024391, n=18187, n/s=126.3k
35: t=5.929, score=0.023727, n=18927, n/s=112.3k
36: t=6.080, score=0.023177, n=18617, n/s=123.3k
37: t=6.228, score=0.022184, n=19256, n/s=130.1k
38: t=6.410, score=0.021566, n=19066, n/s=104.5k
39: t=6.589, score=0.021094, n=18979, n/s=106.0k
40: t=6.768, score=0.020643, n=19087, n/s=106.8k
41: t=6.956, score=0.020178, n=19338, n/s=102.7k
42: t=7.140, score=0.019677, n=19032, n/s=103.4k
43: t=7.308, score=0.019217, n=18910, n/s=112.8k
44: t=7.481, score=0.018813, n=19649, n/s=113.4k
45: t=7.638, score=0.018444, n=18444, n/s=117.8k
46: t=7.803, score=0.018219, n=18669, n/s=112.8k
47: t=7.986, score=0.017914, n=19481, n/s=106.8k
48: t=8.149, score=0.017550, n=18757, n/s=114.7k
49: t=8.320, score=0.017212, n=19114, n/s=111.7k
50: t=8.482, score=0.016988, n=18944, n/s=116.9k
51: t=8.648, score=0.016606, n=19202, n/s=116.1k
52: t=8.818, score=0.016346, n=19202, n/s=113.0k
53: t=8.977, score=0.015996, n=18633, n/s=117.0k
54: t=9.153, score=0.015785, n=19017, n/s=108.0k
55: t=9.335, score=0.015557, n=19535, n/s=107.4k
56: t=9.521, score=0.015410, n=18316, n/s=98.3k
57: t=9.683, score=0.015217, n=18506, n/s=114.3k
58: t=9.859, score=0.014936, n=19042, n/s=108.3k
59: t=10.023, score=0.014662, n=18807, n/s=114.6k
60: t=10.188, score=0.014438, n=18608, n/s=112.9k
61: t=10.353, score=0.014215, n=19319, n/s=117.2k
62: t=10.555, score=0.014034, n=19254, n/s=95.5k
63: t=10.744, score=0.013765, n=19596, n/s=103.5k
64: t=10.949, score=0.013530, n=18981, n/s=92.7k
writing C:\Users\RiceC\shapeGrad\benchmarks\primitive\primitive_mixed.png
writing C:\Users\RiceC\shapeGrad\benchmarks\primitive\primitive_mixed.svg
