reading C:\Users\RiceC\shapeGrad\examples\target.png
0: t=0.000, score=0.183829
count=64, mode=1, alpha=128, repeat=0
1: t=0.123, score=0.163354, n=21610, n/s=176.0k
2: t=0.295, score=0.149350, n=19860, n/s=115.1k
3: t=0.501, score=0.131069, n=21720, n/s=105.8k
4: t=0.580, score=0.120332, n=18816, n/s=237.0k
5: t=0.704, score=0.108819, n=21760, n/s=176.1k
6: t=0.786, score=0.098853, n=19980, n/s=241.0k
7: t=0.860, score=0.092652, n=20112, n/s=273.1k
8: t=0.948, score=0.086970, n=19938, n/s=227.3k
9: t=1.032, score=0.083380, n=19308, n/s=229.6k
10: t=1.123, score=0.078955, n=20108, n/s=222.0k
11: t=1.222, score=0.075125, n=20448, n/s=205.0k
12: t=1.315, score=0.071930, n=19948, n/s=216.2k
13: t=1.415, score=0.069504, n=19000, n/s=189.8k
14: t=1.486, score=0.067394, n=19134, n/s=266.2k
15: t=1.563, score=0.065680, n=19824, n/s=258.4k
16: t=1.656, score=0.064058, n=20368, n/s=219.5k
17: t=1.727, score=0.062279, n=19208, n/s=271.3k
18: t=1.834, score=0.060241, n=21700, n/s=202.4k
19: t=1.928, score=0.058163, n=21098, n/s=223.5k
20: t=1.998, score=0.056172, n=19310, n/s=278.4k
21: t=2.076, score=0.054135, n=19914, n/s=253.7k
22: t=2.166, score=0.052324, n=20582, n/s=230.3k
23: t=2.252, score=0.051237, n=19308, n/s=223.2k
24: t=2.316, score=0.049963, n=19100, n/s=299.9k
25: t=2.399, score=0.048853, n=20230, n/s=243.6k
26: t=2.462, score=0.047268, n=19096, n/s=302.3k
27: t=2.542, score=0.046043, n=18960, n/s=236.6k
28: t=2.607, score=0.044988, n=18926, n/s=291.8k
29: t=2.692, score=0.043839, n=20116, n/s=236.7k
30: t=2.770, score=0.042800, n=20374, n/s=260.4k
31: t=2.852, score=0.041426, n=20148, n/s=245.6k
32: t=2.928, score=0.040592, n=19658, n/s=261.1k
33: t=3.007, score=0.039800, n=20250, n/s=255.9k
34: t=3.086, score=0.038992, n=19460, n/s=245.0k
35: t=3.194, score=0.037766, n=20836, n/s=192.5k
36: t=3.268, score=0.036866, n=18566, n/s=254.0k
37: t=3.342, score=0.035868, n=19812, n/s=265.6k
38: t=3.428, score=0.035107, n=19094, n/s=222.3k
39: t=3.512, score=0.034056, n=20306, n/s=240.7k
40: t=3.589, score=0.033131, n=19580, n/s=254.5k
41: t=3.684, score=0.032378, n=20900, n/s=219.6k
42: t=3.773, score=0.031576, n=20584, n/s=233.3k
43: t=3.849, score=0.030878, n=19598, n/s=256.2k
44: t=3.932, score=0.030237, n=19076, n/s=230.0k
45: t=3.999, score=0.029463, n=19002, n/s=286.1k
46: t=4.090, score=0.028750, n=21120, n/s=231.4k
47: t=4.178, score=0.028123, n=19172, n/s=216.9k
48: t=4.247, score=0.027579, n=19208, n/s=277.4k
49: t=4.342, score=0.027075, n=20712, n/s=218.0k
50: t=4.417, score=0.026587, n=19648, n/s=262.1k
51: t=4.503, score=0.026229, n=19646, n/s=229.1k
52: t=4.576, score=0.025821, n=19622, n/s=268.7k
53: t=4.661, score=0.025095, n=19384, n/s=229.1k
54: t=4.758, score=0.024543, n=19550, n/s=202.1k
55: t=4.881, score=0.024022, n=20316, n/s=164.5k
56: t=4.981, score=0.023491, n=20054, n/s=200.0k
57: t=5.065, score=0.023096, n=19068, n/s=229.0k
58: t=5.172, score=0.022680, n=20248, n/s=188.1k
59: t=5.267, score=0.022108, n=19870, n/s=210.1k
60: t=5.363, score=0.021708, n=19472, n/s=203.5k
61: t=5.473, score=0.021401, n=20108, n/s=182.3k
62: t=5.584, score=0.021129, n=19552, n/s=176.0k
63: t=5.694, score=0.020863, n=18874, n/s=172.0k
64: t=5.793, score=0.020575, n=19950, n/s=201.7k
writing C:\Users\RiceC\shapeGrad\benchmarks\primitive\primitive_triangles.png
writing C:\Users\RiceC\shapeGrad\benchmarks\primitive\primitive_triangles.svg
